{
  "simulationTick": 100,
  "fixedTimeStepMs": 16.666666666666668,
  "accumulatedTime": 0,
  "G": 0.001,
  "internalLoggingEnabled": false,
  "ownsEngine": true,
  "celestialBodies": [
    {
      "id": "earth-like-drag-test",
      "mass": 0,
      "position": {
        "x": 0,
        "y": 0
      },
      "gravityRadius": 63710000,
      "radius": 6371000,
      "hasAtmosphere": true,
      "atmosphereLimitAltitude": 100000,
      "surfaceAirDensity": 1.225,
      "scaleHeight": 8500
    }
  ],
  "world": {
    "bodies": [
      {
        "id": 1,
        "label": "testDragBody",
        "type": "body",
        "parts": [],
        "position": {
          "x": 6420129.601404203,
          "y": 0
        },
        "angle": 0,
        "velocity": {
          "x": -2.8834476554766297,
          "y": 0
        },
        "angularVelocity": 0,
        "mass": 8,
        "inverseMass": 0.125,
        "inertia": 5.333333333333333,
        "inverseInertia": 0.1875,
        "density": 8,
        "restitution": 0,
        "friction": 0.1,
        "frictionStatic": 0.5,
        "frictionAir": 0.01,
        "slop": 0.05,
        "isStatic": false,
        "isSensor": false,
        "isSleeping": false,
        "collisionFilter": {
          "category": 1,
          "mask": 65535,
          "group": 0
        },
        "render": {
          "visible": true,
          "opacity": 1,
          "fillStyle": "#063e7b",
          "strokeStyle": "#ccc",
          "lineWidth": 0,
          "sprite": {
            "texture": null,
            "xScale": 1,
            "yScale": 1,
            "xOffset": 0.5,
            "yOffset": 0.5
          }
        },
        "plugin": {
          "dragCoefficientArea": 0.5,
          "effectiveNoseRadius": 0.1,
          "currentHeatFlux": 0.0008949386028034054
        }
      }
    ]
  }
}