{
  "1": {
    "simulationTick": 1,
    "fixedTimeStepMs": 16.666666666666668,
    "accumulatedTime": 0,
    "G": 0.001,
    "internalLoggingEnabled": false,
    "ownsEngine": true,
    "celestialBodies": [
      {
        "id": "earth-like-dense-drag-test",
        "mass": 0,
        "position": {
          "x": 0,
          "y": 0
        },
        "gravityRadius": 63710000,
        "radius": 6371000,
        "hasAtmosphere": true,
        "atmosphereLimitAltitude": 100000,
        "surfaceAirDensity": 122.50000000000001,
        "scaleHeight": 8500
      }
    ],
    "world": {
      "bodies": [
        {
          "id": 1,
          "label": "testDenseDragBody",
          "type": "body",
          "parts": [],
          "position": {
            "x": 6422637.111111111,
            "y": 0
          },
          "angle": 0,
          "velocity": {
            "x": 1637.1111111110076,
            "y": 0
          },
          "angularVelocity": 0,
          "mass": 8,
          "inverseMass": 0.125,
          "inertia": 5.333333333333333,
          "inverseInertia": 0.1875,
          "density": 8,
          "restitution": 0,
          "friction": 0.1,
          "frictionStatic": 0.5,
          "frictionAir": 0.01,
          "slop": 0.05,
          "isStatic": false,
          "isSensor": false,
          "isSleeping": false,
          "collisionFilter": {
            "category": 1,
            "mask": 65535,
            "group": 0
          },
          "render": {
            "visible": true,
            "opacity": 1,
            "fillStyle": "#ececd1",
            "strokeStyle": "#ccc",
            "lineWidth": 0,
            "sprite": {
              "texture": null,
              "xScale": 1,
              "yScale": 1
            }
          },
          "plugin": {
            "dragCoefficientArea": 0.5,
            "effectiveNoseRadius": 0.1,
            "currentHeatFlux": 338.20686799119477,
            "creationParams": {
              "type": "box",
              "width": 1,
              "height": 1
            }
          }
        }
      ]
    }
  },
  "10": {
    "simulationTick": 10,
    "fixedTimeStepMs": 16.666666666666668,
    "accumulatedTime": 0,
    "G": 0.001,
    "internalLoggingEnabled": false,
    "ownsEngine": true,
    "celestialBodies": [
      {
        "id": "earth-like-dense-drag-test",
        "mass": 0,
        "position": {
          "x": 0,
          "y": 0
        },
        "gravityRadius": 63710000,
        "radius": 6371000,
        "hasAtmosphere": true,
        "atmosphereLimitAltitude": 100000,
        "surfaceAirDensity": 122.50000000000001,
        "scaleHeight": 8500
      }
    ],
    "world": {
      "bodies": [
        {
          "id": 1,
          "label": "testDenseDragBody",
          "type": "body",
          "parts": [],
          "position": {
            "x": 6428311.840260106,
            "y": 0
          },
          "angle": 0,
          "velocity": {
            "x": -173.8569723246619,
            "y": 0
          },
          "angularVelocity": 0,
          "mass": 8,
          "inverseMass": 0.125,
          "inertia": 5.333333333333333,
          "inverseInertia": 0.1875,
          "density": 8,
          "restitution": 0,
          "friction": 0.1,
          "frictionStatic": 0.5,
          "frictionAir": 0.01,
          "slop": 0.05,
          "isStatic": false,
          "isSensor": false,
          "isSleeping": false,
          "collisionFilter": {
            "category": 1,
            "mask": 65535,
            "group": 0
          },
          "render": {
            "visible": true,
            "opacity": 1,
            "fillStyle": "#f55a3c",
            "strokeStyle": "#ccc",
            "lineWidth": 0,
            "sprite": {
              "texture": null,
              "xScale": 1,
              "yScale": 1
            }
          },
          "plugin": {
            "dragCoefficientArea": 0.5,
            "effectiveNoseRadius": 0.1,
            "currentHeatFlux": 855651.2177385004,
            "creationParams": {
              "type": "box",
              "width": 1,
              "height": 1
            }
          }
        }
      ]
    }
  },
  "50": {
    "simulationTick": 50,
    "fixedTimeStepMs": 16.666666666666668,
    "accumulatedTime": 0,
    "G": 0.001,
    "internalLoggingEnabled": false,
    "ownsEngine": true,
    "celestialBodies": [
      {
        "id": "earth-like-dense-drag-test",
        "mass": 0,
        "position": {
          "x": 0,
          "y": 0
        },
        "gravityRadius": 63710000,
        "radius": 6371000,
        "hasAtmosphere": true,
        "atmosphereLimitAltitude": 100000,
        "surfaceAirDensity": 122.50000000000001,
        "scaleHeight": 8500
      }
    ],
    "world": {
      "bodies": [
        {
          "id": 1,
          "label": "testDenseDragBody",
          "type": "body",
          "parts": [],
          "position": {
            "x": 6449481.974783958,
            "y": 0
          },
          "angle": 0,
          "velocity": {
            "x": -533.3699788181111,
            "y": 0
          },
          "angularVelocity": 0,
          "mass": 8,
          "inverseMass": 0.125,
          "inertia": 5.333333333333333,
          "inverseInertia": 0.1875,
          "density": 8,
          "restitution": 0,
          "friction": 0.1,
          "frictionStatic": 0.5,
          "frictionAir": 0.01,
          "slop": 0.05,
          "isStatic": false,
          "isSensor": false,
          "isSleeping": false,
          "collisionFilter": {
            "category": 1,
            "mask": 65535,
            "group": 0
          },
          "render": {
            "visible": true,
            "opacity": 1,
            "fillStyle": "#f19648",
            "strokeStyle": "#ccc",
            "lineWidth": 0,
            "sprite": {
              "texture": null,
              "xScale": 1,
              "yScale": 1
            }
          },
          "plugin": {
            "dragCoefficientArea": 0.5,
            "effectiveNoseRadius": 0.1,
            "currentHeatFlux": 110038.84627327432,
            "creationParams": {
              "type": "box",
              "width": 1,
              "height": 1
            }
          }
        }
      ]
    }
  },
  "100": {
    "simulationTick": 100,
    "fixedTimeStepMs": 16.666666666666668,
    "accumulatedTime": 0,
    "G": 0.001,
    "internalLoggingEnabled": false,
    "ownsEngine": true,
    "celestialBodies": [
      {
        "id": "earth-like-dense-drag-test",
        "mass": 0,
        "position": {
          "x": 0,
          "y": 0
        },
        "gravityRadius": 63710000,
        "radius": 6371000,
        "hasAtmosphere": true,
        "atmosphereLimitAltitude": 100000,
        "surfaceAirDensity": 122.50000000000001,
        "scaleHeight": 8500
      }
    ],
    "world": {
      "bodies": [
        {
          "id": 1,
          "label": "testDenseDragBody",
          "type": "body",
          "parts": [],
          "position": {
            "x": 6457020.589042961,
            "y": 0
          },
          "angle": 0,
          "velocity": {
            "x": -823.9566832706332,
            "y": 0
          },
          "angularVelocity": 0,
          "mass": 8,
          "inverseMass": 0.125,
          "inertia": 5.333333333333333,
          "inverseInertia": 0.1875,
          "density": 8,
          "restitution": 0,
          "friction": 0.1,
          "frictionStatic": 0.5,
          "frictionAir": 0.01,
          "slop": 0.05,
          "isStatic": false,
          "isSensor": false,
          "isSleeping": false,
          "collisionFilter": {
            "category": 1,
            "mask": 65535,
            "group": 0
          },
          "render": {
            "visible": true,
            "opacity": 1,
            "fillStyle": "#063e7b",
            "strokeStyle": "#ccc",
            "lineWidth": 0,
            "sprite": {
              "texture": null,
              "xScale": 1,
              "yScale": 1
            }
          },
          "plugin": {
            "dragCoefficientArea": 0.5,
            "effectiveNoseRadius": 0.1,
            "currentHeatFlux": 30284.7597885554,
            "creationParams": {
              "type": "box",
              "width": 1,
              "height": 1
            }
          }
        }
      ]
    }
  }
}