{
  "1": {
    "simulationTick": 1,
    "fixedTimeStepMs": 1000,
    "accumulatedTime": 0,
    "G": 6.674e-11,
    "internalLoggingEnabled": false,
    "ownsEngine": true,
    "celestialBodies": [
      {
        "id": "earth-like-orbit-test",
        "mass": 5972000,
        "position": {
          "x": 0,
          "y": 0
        },
        "gravityRadius": 318550000,
        "radius": 6371000,
        "hasAtmosphere": false
      }
    ],
    "world": {
      "bodies": [
        {
          "id": 1,
          "label": "testOrbitSatellite",
          "type": "body",
          "parts": [],
          "position": {
            "x": 7071000,
            "y": 180000
          },
          "angle": 0,
          "velocity": {
            "x": 0,
            "y": 3000
          },
          "angularVelocity": 0,
          "mass": 29.390520000000002,
          "inverseMass": 0.034024576632192965,
          "inertia": 55.041335608640004,
          "inverseInertia": 0.018168163779859785,
          "density": 10,
          "restitution": 0,
          "friction": 0.1,
          "frictionStatic": 0.5,
          "frictionAir": 0.01,
          "slop": 0.05,
          "isStatic": false,
          "isSensor": false,
          "isSleeping": false,
          "collisionFilter": {
            "category": 1,
            "mask": 65535,
            "group": 0
          },
          "render": {
            "visible": true,
            "opacity": 1,
            "fillStyle": "#ececd1",
            "strokeStyle": "#ccc",
            "lineWidth": 0,
            "sprite": {
              "texture": null,
              "xScale": 1,
              "yScale": 1
            }
          },
          "plugin": {
            "dragCoefficientArea": null,
            "effectiveNoseRadius": null,
            "currentHeatFlux": 0,
            "creationParams": {
              "type": "circle",
              "radius": 1
            }
          }
        }
      ]
    }
  },
  "10": {
    "simulationTick": 10,
    "fixedTimeStepMs": 1000,
    "accumulatedTime": 0,
    "G": 6.674e-11,
    "internalLoggingEnabled": false,
    "ownsEngine": true,
    "celestialBodies": [
      {
        "id": "earth-like-orbit-test",
        "mass": 5972000,
        "position": {
          "x": 0,
          "y": 0
        },
        "gravityRadius": 318550000,
        "radius": 6371000,
        "hasAtmosphere": false
      }
    ],
    "world": {
      "bodies": [
        {
          "id": 1,
          "label": "testOrbitSatellite",
          "type": "body",
          "parts": [],
          "position": {
            "x": 7071000,
            "y": 299968.5427200001
          },
          "angle": 0,
          "velocity": {
            "x": 0,
            "y": 0.7864320000003014
          },
          "angularVelocity": 0,
          "mass": 29.390520000000002,
          "inverseMass": 0.034024576632192965,
          "inertia": 55.041335608640004,
          "inverseInertia": 0.018168163779859785,
          "density": 10,
          "restitution": 0,
          "friction": 0.1,
          "frictionStatic": 0.5,
          "frictionAir": 0.01,
          "slop": 0.05,
          "isStatic": false,
          "isSensor": false,
          "isSleeping": false,
          "collisionFilter": {
            "category": 1,
            "mask": 65535,
            "group": 0
          },
          "render": {
            "visible": true,
            "opacity": 1,
            "fillStyle": "#f19648",
            "strokeStyle": "#ccc",
            "lineWidth": 0,
            "sprite": {
              "texture": null,
              "xScale": 1,
              "yScale": 1
            }
          },
          "plugin": {
            "dragCoefficientArea": null,
            "effectiveNoseRadius": null,
            "currentHeatFlux": 0,
            "creationParams": {
              "type": "circle",
              "radius": 1
            }
          }
        }
      ]
    }
  },
  "50": {
    "simulationTick": 50,
    "fixedTimeStepMs": 1000,
    "accumulatedTime": 0,
    "G": 6.674e-11,
    "internalLoggingEnabled": false,
    "ownsEngine": true,
    "celestialBodies": [
      {
        "id": "earth-like-orbit-test",
        "mass": 5972000,
        "position": {
          "x": 0,
          "y": 0
        },
        "gravityRadius": 318550000,
        "radius": 6371000,
        "hasAtmosphere": false
      }
    ],
    "world": {
      "bodies": [
        {
          "id": 1,
          "label": "testOrbitSatellite",
          "type": "body",
          "parts": [],
          "position": {
            "x": 7071000,
            "y": 299999.99999999977
          },
          "angle": 0,
          "velocity": {
            "x": 0,
            "y": 0
          },
          "angularVelocity": 0,
          "mass": 29.390520000000002,
          "inverseMass": 0.034024576632192965,
          "inertia": 55.041335608640004,
          "inverseInertia": 0.018168163779859785,
          "density": 10,
          "restitution": 0,
          "friction": 0.1,
          "frictionStatic": 0.5,
          "frictionAir": 0.01,
          "slop": 0.05,
          "isStatic": false,
          "isSensor": false,
          "isSleeping": false,
          "collisionFilter": {
            "category": 1,
            "mask": 65535,
            "group": 0
          },
          "render": {
            "visible": true,
            "opacity": 1,
            "fillStyle": "#063e7b",
            "strokeStyle": "#ccc",
            "lineWidth": 0,
            "sprite": {
              "texture": null,
              "xScale": 1,
              "yScale": 1
            }
          },
          "plugin": {
            "dragCoefficientArea": null,
            "effectiveNoseRadius": null,
            "currentHeatFlux": 0,
            "creationParams": {
              "type": "circle",
              "radius": 1
            }
          }
        }
      ]
    }
  },
  "250": {
    "simulationTick": 250,
    "fixedTimeStepMs": 1000,
    "accumulatedTime": 0,
    "G": 6.674e-11,
    "internalLoggingEnabled": false,
    "ownsEngine": true,
    "celestialBodies": [
      {
        "id": "earth-like-orbit-test",
        "mass": 5972000,
        "position": {
          "x": 0,
          "y": 0
        },
        "gravityRadius": 318550000,
        "radius": 6371000,
        "hasAtmosphere": false
      }
    ],
    "world": {
      "bodies": [
        {
          "id": 1,
          "label": "testOrbitSatellite",
          "type": "body",
          "parts": [],
          "position": {
            "x": 7071000,
            "y": 299999.99999999977
          },
          "angle": 0,
          "velocity": {
            "x": 0,
            "y": 0
          },
          "angularVelocity": 0,
          "mass": 29.390520000000002,
          "inverseMass": 0.034024576632192965,
          "inertia": 55.041335608640004,
          "inverseInertia": 0.018168163779859785,
          "density": 10,
          "restitution": 0,
          "friction": 0.1,
          "frictionStatic": 0.5,
          "frictionAir": 0.01,
          "slop": 0.05,
          "isStatic": false,
          "isSensor": false,
          "isSleeping": false,
          "collisionFilter": {
            "category": 1,
            "mask": 65535,
            "group": 0
          },
          "render": {
            "visible": true,
            "opacity": 1,
            "fillStyle": "#ececd1",
            "strokeStyle": "#ccc",
            "lineWidth": 0,
            "sprite": {
              "texture": null,
              "xScale": 1,
              "yScale": 1
            }
          },
          "plugin": {
            "dragCoefficientArea": null,
            "effectiveNoseRadius": null,
            "currentHeatFlux": 0,
            "creationParams": {
              "type": "circle",
              "radius": 1
            }
          }
        }
      ]
    }
  }
}