{
  "simulationTick": 50,
  "fixedTimeStepMs": 16.666666666666668,
  "accumulatedTime": 0,
  "G": 0.001,
  "internalLoggingEnabled": false,
  "ownsEngine": true,
  "celestialBodies": [
    {
      "id": "earth-gravity-pull-large",
      "mass": 597200000,
      "position": {
        "x": 0,
        "y": 0
      },
      "gravityRadius": 10000,
      "radius": 6371
    }
  ],
  "world": {
    "bodies": [
      {
        "id": 1,
        "label": "satellite",
        "type": "body",
        "parts": [],
        "position": {
          "x": 989.1104087473842,
          "y": 0
        },
        "angle": 0,
        "velocity": {
          "x": -0.39645466281820063,
          "y": 0
        },
        "angularVelocity": 0,
        "mass": 0.7346939,
        "inverseMass": 1.3611110695216062,
        "inertia": 34.394364296120266,
        "inverseInertia": 0.029074530681551265,
        "density": 0.01,
        "restitution": 0,
        "friction": 0.1,
        "frictionStatic": 0.5,
        "frictionAir": 0.01,
        "slop": 0.05,
        "isStatic": false,
        "isSensor": false,
        "isSleeping": false,
        "collisionFilter": {
          "category": 1,
          "mask": 65535,
          "group": 0
        },
        "render": {
          "visible": true,
          "opacity": 1,
          "fillStyle": "#B0B0B0",
          "strokeStyle": "#505050",
          "lineWidth": 1,
          "sprite": {
            "texture": null,
            "xScale": 1,
            "yScale": 1
          }
        },
        "plugin": {
          "dragCoefficientArea": null,
          "effectiveNoseRadius": null,
          "currentHeatFlux": 0
        }
      }
    ]
  }
}