{
  "simulationTick": 250,
  "fixedTimeStepMs": 16.666666666666668,
  "accumulatedTime": 0,
  "G": 0.001,
  "internalLoggingEnabled": false,
  "ownsEngine": true,
  "celestialBodies": [
    {
      "id": "small-planet-orbit-test",
      "mass": 597200,
      "position": {
        "x": 0,
        "y": 0
      },
      "gravityRadius": 5000,
      "radius": 100
    }
  ],
  "world": {
    "bodies": [
      {
        "id": 1,
        "label": "smallOrbitingSatellite",
        "type": "body",
        "parts": [],
        "position": {
          "x": 398.262293526777,
          "y": 299.60592692546163
        },
        "angle": 0,
        "velocity": {
          "x": -0.012480945086849715,
          "y": 1.1958466634159208
        },
        "angularVelocity": 0,
        "mass": 0.11756208000000001,
        "inverseMass": 8.50614415804824,
        "inertia": 0.88066136973824,
        "inverseInertia": 1.1355102362412366,
        "density": 0.01,
        "restitution": 0,
        "friction": 0.1,
        "frictionStatic": 0.5,
        "frictionAir": 0,
        "slop": 0.05,
        "isStatic": false,
        "isSensor": false,
        "isSleeping": false,
        "collisionFilter": {
          "category": 1,
          "mask": 65535,
          "group": 0
        },
        "render": {
          "visible": true,
          "opacity": 1,
          "fillStyle": "#B0B0B0",
          "strokeStyle": "#505050",
          "lineWidth": 1,
          "sprite": {
            "texture": null,
            "xScale": 1,
            "yScale": 1
          }
        },
        "plugin": {
          "dragCoefficientArea": null,
          "effectiveNoseRadius": null,
          "currentHeatFlux": 0
        }
      }
    ]
  }
}