{
  "10": {
    "simulationTick": 10,
    "fixedTimeStepMs": 16.666666666666668,
    "accumulatedTime": 0,
    "G": 0.001,
    "internalLoggingEnabled": false,
    "ownsEngine": true,
    "celestialBodies": [
      {
        "id": "earth-orbit-test-large",
        "mass": 597200,
        "position": {
          "x": 0,
          "y": 0
        },
        "gravityRadius": 100000,
        "radius": 6371
      }
    ],
    "world": {
      "bodies": [
        {
          "id": 1,
          "label": "orbitingSatellite",
          "type": "body",
          "parts": [],
          "position": {
            "x": 9999.99999452567,
            "y": 2.3999999996058485
          },
          "angle": 0,
          "velocity": {
            "x": -9.953328117262572e-7,
            "y": 0.23999999989250442
          },
          "angularVelocity": 0,
          "mass": 0.7346939,
          "inverseMass": 1.3611110695216062,
          "inertia": 34.394364296120266,
          "inverseInertia": 0.029074530681551265,
          "density": 0.01,
          "restitution": 0,
          "friction": 0.1,
          "frictionStatic": 0.5,
          "frictionAir": 0,
          "slop": 0.05,
          "isStatic": false,
          "isSensor": false,
          "isSleeping": false,
          "collisionFilter": {
            "category": 1,
            "mask": 65535,
            "group": 0
          },
          "render": {
            "visible": true,
            "opacity": 1,
            "fillStyle": "#f19648",
            "strokeStyle": "#ccc",
            "lineWidth": 0,
            "sprite": {
              "texture": null,
              "xScale": 1,
              "yScale": 1
            }
          },
          "plugin": {
            "dragCoefficientArea": null,
            "effectiveNoseRadius": null,
            "currentHeatFlux": 0,
            "creationParams": {
              "type": "circle",
              "radius": 5
            }
          }
        }
      ]
    }
  },
  "50": {
    "simulationTick": 50,
    "fixedTimeStepMs": 16.666666666666668,
    "accumulatedTime": 0,
    "G": 0.001,
    "internalLoggingEnabled": false,
    "ownsEngine": true,
    "celestialBodies": [
      {
        "id": "earth-orbit-test-large",
        "mass": 597200,
        "position": {
          "x": 0,
          "y": 0
        },
        "gravityRadius": 100000,
        "radius": 6371
      }
    ],
    "world": {
      "bodies": [
        {
          "id": 1,
          "label": "orbitingSatellite",
          "type": "body",
          "parts": [],
          "position": {
            "x": 9999.999873095067,
            "y": 11.999999950253313
          },
          "angle": 0,
          "velocity": {
            "x": -0.000004976664058631286,
            "y": 0.2399999970737241
          },
          "angularVelocity": 0,
          "mass": 0.7346939,
          "inverseMass": 1.3611110695216062,
          "inertia": 34.394364296120266,
          "inverseInertia": 0.029074530681551265,
          "density": 0.01,
          "restitution": 0,
          "friction": 0.1,
          "frictionStatic": 0.5,
          "frictionAir": 0,
          "slop": 0.05,
          "isStatic": false,
          "isSensor": false,
          "isSleeping": false,
          "collisionFilter": {
            "category": 1,
            "mask": 65535,
            "group": 0
          },
          "render": {
            "visible": true,
            "opacity": 1,
            "fillStyle": "#063e7b",
            "strokeStyle": "#ccc",
            "lineWidth": 0,
            "sprite": {
              "texture": null,
              "xScale": 1,
              "yScale": 1
            }
          },
          "plugin": {
            "dragCoefficientArea": null,
            "effectiveNoseRadius": null,
            "currentHeatFlux": 0,
            "creationParams": {
              "type": "circle",
              "radius": 5
            }
          }
        }
      ]
    }
  },
  "250": {
    "simulationTick": 250,
    "fixedTimeStepMs": 16.666666666666668,
    "accumulatedTime": 0,
    "G": 0.001,
    "internalLoggingEnabled": false,
    "ownsEngine": true,
    "celestialBodies": [
      {
        "id": "earth-orbit-test-large",
        "mass": 597200,
        "position": {
          "x": 0,
          "y": 0
        },
        "gravityRadius": 100000,
        "radius": 6371
      }
    ],
    "world": {
      "bodies": [
        {
          "id": 1,
          "label": "orbitingSatellite",
          "type": "body",
          "parts": [],
          "position": {
            "x": 9999.996877166703,
            "y": 59.9999937793649
          },
          "angle": 0,
          "velocity": {
            "x": -0.000024882903744583018,
            "y": 0.23999992565055805
          },
          "angularVelocity": 0,
          "mass": 0.7346939,
          "inverseMass": 1.3611110695216062,
          "inertia": 34.394364296120266,
          "inverseInertia": 0.029074530681551265,
          "density": 0.01,
          "restitution": 0,
          "friction": 0.1,
          "frictionStatic": 0.5,
          "frictionAir": 0,
          "slop": 0.05,
          "isStatic": false,
          "isSensor": false,
          "isSleeping": false,
          "collisionFilter": {
            "category": 1,
            "mask": 65535,
            "group": 0
          },
          "render": {
            "visible": true,
            "opacity": 1,
            "fillStyle": "#ececd1",
            "strokeStyle": "#ccc",
            "lineWidth": 0,
            "sprite": {
              "texture": null,
              "xScale": 1,
              "yScale": 1
            }
          },
          "plugin": {
            "dragCoefficientArea": null,
            "effectiveNoseRadius": null,
            "currentHeatFlux": 0,
            "creationParams": {
              "type": "circle",
              "radius": 5
            }
          }
        }
      ]
    }
  }
}