{
  "simulationTick": 10,
  "fixedTimeStepMs": 16.666666666666668,
  "accumulatedTime": 0,
  "G": 0.001,
  "internalLoggingEnabled": false,
  "ownsEngine": true,
  "celestialBodies": [],
  "world": {
    "bodies": [
      {
        "id": 1,
        "label": "testBox",
        "type": "body",
        "parts": [],
        "position": {
          "x": 15936.320831865918,
          "y": 145.46742855002321
        },
        "angle": 0,
        "velocity": {
          "x": 1522.5287458060684,
          "y": 26.055884560100793
        },
        "angularVelocity": 0,
        "mass": 0.1,
        "inverseMass": 10,
        "inertia": 6.666666666666667,
        "inverseInertia": 0.15,
        "density": 0.001,
        "restitution": 0,
        "friction": 0.1,
        "frictionStatic": 0.5,
        "frictionAir": 0.01,
        "slop": 0.05,
        "isStatic": false,
        "isSensor": false,
        "isSleeping": false,
        "collisionFilter": {
          "category": 1,
          "mask": 65535,
          "group": 0
        },
        "render": {
          "visible": true,
          "opacity": 1,
          "fillStyle": "#ABCDEF",
          "strokeStyle": "#ccc",
          "lineWidth": 0,
          "sprite": {
            "texture": null,
            "xScale": 1,
            "yScale": 1,
            "xOffset": 0.5,
            "yOffset": 0.5
          }
        },
        "plugin": {
          "dragCoefficientArea": null,
          "effectiveNoseRadius": null,
          "currentHeatFlux": 0
        }
      }
    ]
  }
}