{
  "timestamp": 1747505020790,
  "fixedTimeStepMs": 16.666666666666668,
  "accumulatedTime": 0,
  "G": 0.001,
  "internalLoggingEnabled": false,
  "ownsEngine": true,
  "celestialBodies": [],
  "world": {
    "bodies": [
      {
        "id": 1,
        "label": "testRotationBox",
        "type": "body",
        "parts": [],
        "position": {
          "x": 82290.40267967999,
          "y": 2969.051176202895
        },
        "angle": 1542.9450502439952,
        "velocity": {
          "x": 1273.1609156934865,
          "y": 107.63584670502132
        },
        "angularVelocity": 23.87176716925228,
        "mass": 0.4,
        "inverseMass": 2.5,
        "inertia": 106.66666666666667,
        "inverseInertia": 0.009375,
        "density": 0.001,
        "restitution": 0,
        "friction": 0.1,
        "frictionStatic": 0.5,
        "frictionAir": 0.01,
        "slop": 0.05,
        "isStatic": false,
        "isSensor": false,
        "isSleeping": false,
        "collisionFilter": {
          "category": 1,
          "mask": 65535,
          "group": 0
        },
        "render": {
          "visible": true,
          "opacity": 1,
          "fillStyle": "#f55a3c",
          "strokeStyle": "#ccc",
          "lineWidth": 0,
          "sprite": {
            "texture": null,
            "xScale": 1,
            "yScale": 1,
            "xOffset": 0.5,
            "yOffset": 0.5
          }
        },
        "plugin": {
          "dragCoefficientArea": null,
          "effectiveNoseRadius": null,
          "currentHeatFlux": 0
        }
      }
    ]
  }
}