{
  "simulationTick": 100,
  "fixedTimeStepMs": 16.666666666666668,
  "accumulatedTime": 0,
  "G": 0.001,
  "internalLoggingEnabled": false,
  "ownsEngine": true,
  "celestialBodies": [],
  "world": {
    "bodies": [
      {
        "id": 1,
        "label": "testRotationBox",
        "type": "body",
        "parts": [],
        "position": {
          "x": 132076.5955680793,
          "y": 10147.137486698526
        },
        "angle": 2476.436166901418,
        "velocity": {
          "x": 770.2700784369663,
          "y": 172.75618700304403
        },
        "angularVelocity": 14.442563970691936,
        "mass": 0.4,
        "inverseMass": 2.5,
        "inertia": 106.66666666666667,
        "inverseInertia": 0.009375,
        "density": 0.001,
        "restitution": 0,
        "friction": 0.1,
        "frictionStatic": 0.5,
        "frictionAir": 0.01,
        "slop": 0.05,
        "isStatic": false,
        "isSensor": false,
        "isSleeping": false,
        "collisionFilter": {
          "category": 1,
          "mask": 65535,
          "group": 0
        },
        "render": {
          "visible": true,
          "opacity": 1,
          "fillStyle": "#B0B0B0",
          "strokeStyle": "#505050",
          "lineWidth": 1,
          "sprite": {
            "texture": null,
            "xScale": 1,
            "yScale": 1
          }
        },
        "plugin": {
          "dragCoefficientArea": null,
          "effectiveNoseRadius": null,
          "currentHeatFlux": 0
        }
      }
    ]
  }
}