{
  "10": {
    "simulationTick": 10,
    "fixedTimeStepMs": 16.666666666666668,
    "accumulatedTime": 0,
    "G": 0.001,
    "internalLoggingEnabled": false,
    "ownsEngine": true,
    "celestialBodies": [],
    "world": {
      "bodies": [
        {
          "id": 1,
          "label": "testRotationBox",
          "type": "body",
          "parts": [],
          "position": {
            "x": 19920.401039832388,
            "y": 145.46742855002321
          },
          "angle": 373.5075194968576,
          "velocity": {
            "x": 1903.1609322575823,
            "y": 26.055884560100793
          },
          "angularVelocity": 35.684267479829714,
          "mass": 0.4,
          "inverseMass": 2.5,
          "inertia": 106.66666666666667,
          "inverseInertia": 0.009375,
          "density": 0.001,
          "restitution": 0,
          "friction": 0.1,
          "frictionStatic": 0.5,
          "frictionAir": 0.01,
          "slop": 0.05,
          "isStatic": false,
          "isSensor": false,
          "isSleeping": false,
          "collisionFilter": {
            "category": 1,
            "mask": 65535,
            "group": 0
          },
          "render": {
            "visible": true,
            "opacity": 1,
            "fillStyle": "#f19648",
            "strokeStyle": "#ccc",
            "lineWidth": 0,
            "sprite": {
              "texture": null,
              "xScale": 1,
              "yScale": 1
            }
          },
          "plugin": {
            "dragCoefficientArea": null,
            "effectiveNoseRadius": null,
            "currentHeatFlux": 0,
            "creationParams": {
              "type": "box",
              "width": 20,
              "height": 20
            }
          }
        }
      ]
    }
  },
  "50": {
    "simulationTick": 50,
    "fixedTimeStepMs": 16.666666666666668,
    "accumulatedTime": 0,
    "G": 0.001,
    "internalLoggingEnabled": false,
    "ownsEngine": true,
    "celestialBodies": [],
    "world": {
      "bodies": [
        {
          "id": 1,
          "label": "testRotationBox",
          "type": "body",
          "parts": [],
          "position": {
            "x": 82290.40267967999,
            "y": 2969.051176202895
          },
          "angle": 1542.9450502439952,
          "velocity": {
            "x": 1273.1609156934865,
            "y": 107.63584670502132
          },
          "angularVelocity": 23.87176716925228,
          "mass": 0.4,
          "inverseMass": 2.5,
          "inertia": 106.66666666666667,
          "inverseInertia": 0.009375,
          "density": 0.001,
          "restitution": 0,
          "friction": 0.1,
          "frictionStatic": 0.5,
          "frictionAir": 0.01,
          "slop": 0.05,
          "isStatic": false,
          "isSensor": false,
          "isSleeping": false,
          "collisionFilter": {
            "category": 1,
            "mask": 65535,
            "group": 0
          },
          "render": {
            "visible": true,
            "opacity": 1,
            "fillStyle": "#f19648",
            "strokeStyle": "#ccc",
            "lineWidth": 0,
            "sprite": {
              "texture": null,
              "xScale": 1,
              "yScale": 1
            }
          },
          "plugin": {
            "dragCoefficientArea": null,
            "effectiveNoseRadius": null,
            "currentHeatFlux": 0,
            "creationParams": {
              "type": "box",
              "width": 20,
              "height": 20
            }
          }
        }
      ]
    }
  },
  "100": {
    "simulationTick": 100,
    "fixedTimeStepMs": 16.666666666666668,
    "accumulatedTime": 0,
    "G": 0.001,
    "internalLoggingEnabled": false,
    "ownsEngine": true,
    "celestialBodies": [],
    "world": {
      "bodies": [
        {
          "id": 1,
          "label": "testRotationBox",
          "type": "body",
          "parts": [],
          "position": {
            "x": 132076.5955680793,
            "y": 10147.137486698526
          },
          "angle": 2476.436166901418,
          "velocity": {
            "x": 770.2700784369663,
            "y": 172.75618700304403
          },
          "angularVelocity": 14.442563970691936,
          "mass": 0.4,
          "inverseMass": 2.5,
          "inertia": 106.66666666666667,
          "inverseInertia": 0.009375,
          "density": 0.001,
          "restitution": 0,
          "friction": 0.1,
          "frictionStatic": 0.5,
          "frictionAir": 0.01,
          "slop": 0.05,
          "isStatic": false,
          "isSensor": false,
          "isSleeping": false,
          "collisionFilter": {
            "category": 1,
            "mask": 65535,
            "group": 0
          },
          "render": {
            "visible": true,
            "opacity": 1,
            "fillStyle": "#063e7b",
            "strokeStyle": "#ccc",
            "lineWidth": 0,
            "sprite": {
              "texture": null,
              "xScale": 1,
              "yScale": 1
            }
          },
          "plugin": {
            "dragCoefficientArea": null,
            "effectiveNoseRadius": null,
            "currentHeatFlux": 0,
            "creationParams": {
              "type": "box",
              "width": 20,
              "height": 20
            }
          }
        }
      ]
    }
  }
}