{
  "1": {
    "simulationTick": 1,
    "fixedTimeStepMs": 16.666666666666668,
    "accumulatedTime": 0,
    "G": 0,
    "internalLoggingEnabled": false,
    "ownsEngine": true,
    "celestialBodies": [],
    "world": {
      "bodies": [
        {
          "id": 1,
          "label": "testRotationBox",
          "type": "body",
          "parts": [],
          "position": {
            "x": 0.8333333333333335,
            "y": 2.725000000000001
          },
          "angle": -0.025,
          "velocity": {
            "x": 0.8333333333333335,
            "y": 2.725000000000001
          },
          "angularVelocity": -0.025,
          "mass": 200,
          "inverseMass": 0.005,
          "inertia": 33333.333333333336,
          "inverseInertia": 0.000029999999999999997,
          "density": 1,
          "restitution": 0,
          "friction": 0.1,
          "frictionStatic": 0.5,
          "frictionAir": 0.01,
          "slop": 0.05,
          "isStatic": false,
          "isSensor": false,
          "isSleeping": false,
          "collisionFilter": {
            "category": 1,
            "mask": 65535,
            "group": 0
          },
          "render": {
            "visible": true,
            "opacity": 1,
            "fillStyle": "#f55a3c",
            "strokeStyle": "#ccc",
            "lineWidth": 0,
            "sprite": {
              "texture": null,
              "xScale": 1,
              "yScale": 1
            }
          },
          "plugin": {
            "dragCoefficientArea": null,
            "effectiveNoseRadius": null,
            "currentHeatFlux": 0,
            "creationParams": {
              "type": "box",
              "width": 10,
              "height": 20
            }
          }
        }
      ]
    }
  },
  "10": {
    "simulationTick": 10,
    "fixedTimeStepMs": 16.666666666666668,
    "accumulatedTime": 0,
    "G": 0,
    "internalLoggingEnabled": false,
    "ownsEngine": true,
    "celestialBodies": [],
    "world": {
      "bodies": [
        {
          "id": 1,
          "label": "testRotationBox",
          "type": "body",
          "parts": [],
          "position": {
            "x": 7.968160415932962,
            "y": 145.46742855002321
          },
          "angle": -0.23904481247798884,
          "velocity": {
            "x": 0.7612643729030344,
            "y": 26.055884560100793
          },
          "angularVelocity": -0.022837931187091043,
          "mass": 200,
          "inverseMass": 0.005,
          "inertia": 33333.333333333336,
          "inverseInertia": 0.000029999999999999997,
          "density": 1,
          "restitution": 0,
          "friction": 0.1,
          "frictionStatic": 0.5,
          "frictionAir": 0.01,
          "slop": 0.05,
          "isStatic": false,
          "isSensor": false,
          "isSleeping": false,
          "collisionFilter": {
            "category": 1,
            "mask": 65535,
            "group": 0
          },
          "render": {
            "visible": true,
            "opacity": 1,
            "fillStyle": "#f19648",
            "strokeStyle": "#ccc",
            "lineWidth": 0,
            "sprite": {
              "texture": null,
              "xScale": 1,
              "yScale": 1
            }
          },
          "plugin": {
            "dragCoefficientArea": null,
            "effectiveNoseRadius": null,
            "currentHeatFlux": 0,
            "creationParams": {
              "type": "box",
              "width": 10,
              "height": 20
            }
          }
        }
      ]
    }
  },
  "50": {
    "simulationTick": 50,
    "fixedTimeStepMs": 16.666666666666668,
    "accumulatedTime": 0,
    "G": 0,
    "internalLoggingEnabled": false,
    "ownsEngine": true,
    "celestialBodies": [],
    "world": {
      "bodies": [
        {
          "id": 1,
          "label": "testRotationBox",
          "type": "body",
          "parts": [],
          "position": {
            "x": 32.91616107187184,
            "y": 2969.051176202895
          },
          "angle": -0.9874848321561602,
          "velocity": {
            "x": 0.5092643662773852,
            "y": 107.63584670502132
          },
          "angularVelocity": -0.015277930988321642,
          "mass": 200,
          "inverseMass": 0.005,
          "inertia": 33333.333333333336,
          "inverseInertia": 0.000029999999999999997,
          "density": 1,
          "restitution": 0,
          "friction": 0.1,
          "frictionStatic": 0.5,
          "frictionAir": 0.01,
          "slop": 0.05,
          "isStatic": false,
          "isSensor": false,
          "isSleeping": false,
          "collisionFilter": {
            "category": 1,
            "mask": 65535,
            "group": 0
          },
          "render": {
            "visible": true,
            "opacity": 1,
            "fillStyle": "#f5d259",
            "strokeStyle": "#ccc",
            "lineWidth": 0,
            "sprite": {
              "texture": null,
              "xScale": 1,
              "yScale": 1
            }
          },
          "plugin": {
            "dragCoefficientArea": null,
            "effectiveNoseRadius": null,
            "currentHeatFlux": 0,
            "creationParams": {
              "type": "box",
              "width": 10,
              "height": 20
            }
          }
        }
      ]
    }
  },
  "100": {
    "simulationTick": 100,
    "fixedTimeStepMs": 16.666666666666668,
    "accumulatedTime": 0,
    "G": 0,
    "internalLoggingEnabled": false,
    "ownsEngine": true,
    "celestialBodies": [],
    "world": {
      "bodies": [
        {
          "id": 1,
          "label": "testRotationBox",
          "type": "body",
          "parts": [],
          "position": {
            "x": 52.83063822723048,
            "y": 10147.137486698526
          },
          "angle": -1.584919146816952,
          "velocity": {
            "x": 0.30810803137476483,
            "y": 172.75618700304403
          },
          "angularVelocity": -0.009243240941243513,
          "mass": 200,
          "inverseMass": 0.005,
          "inertia": 33333.333333333336,
          "inverseInertia": 0.000029999999999999997,
          "density": 1,
          "restitution": 0,
          "friction": 0.1,
          "frictionStatic": 0.5,
          "frictionAir": 0.01,
          "slop": 0.05,
          "isStatic": false,
          "isSensor": false,
          "isSleeping": false,
          "collisionFilter": {
            "category": 1,
            "mask": 65535,
            "group": 0
          },
          "render": {
            "visible": true,
            "opacity": 1,
            "fillStyle": "#f19648",
            "strokeStyle": "#ccc",
            "lineWidth": 0,
            "sprite": {
              "texture": null,
              "xScale": 1,
              "yScale": 1
            }
          },
          "plugin": {
            "dragCoefficientArea": null,
            "effectiveNoseRadius": null,
            "currentHeatFlux": 0,
            "creationParams": {
              "type": "box",
              "width": 10,
              "height": 20
            }
          }
        }
      ]
    }
  },
  "200": {
    "simulationTick": 200,
    "fixedTimeStepMs": 16.666666666666668,
    "accumulatedTime": 0,
    "G": 0,
    "internalLoggingEnabled": false,
    "ownsEngine": true,
    "celestialBodies": [],
    "world": {
      "bodies": [
        {
          "id": 1,
          "label": "testRotationBox",
          "type": "body",
          "parts": [],
          "position": {
            "x": 72.16836042850298,
            "y": 31136.93667848063
          },
          "angle": -2.165050812855136,
          "velocity": {
            "x": 0.11277750408918052,
            "y": 235.99053860119966
          },
          "angularVelocity": -0.003383325122677583,
          "mass": 200,
          "inverseMass": 0.005,
          "inertia": 33333.333333333336,
          "inverseInertia": 0.000029999999999999997,
          "density": 1,
          "restitution": 0,
          "friction": 0.1,
          "frictionStatic": 0.5,
          "frictionAir": 0.01,
          "slop": 0.05,
          "isStatic": false,
          "isSensor": false,
          "isSleeping": false,
          "collisionFilter": {
            "category": 1,
            "mask": 65535,
            "group": 0
          },
          "render": {
            "visible": true,
            "opacity": 1,
            "fillStyle": "#ececd1",
            "strokeStyle": "#ccc",
            "lineWidth": 0,
            "sprite": {
              "texture": null,
              "xScale": 1,
              "yScale": 1
            }
          },
          "plugin": {
            "dragCoefficientArea": null,
            "effectiveNoseRadius": null,
            "currentHeatFlux": 0,
            "creationParams": {
              "type": "box",
              "width": 10,
              "height": 20
            }
          }
        }
      ]
    }
  },
  "300": {
    "simulationTick": 300,
    "fixedTimeStepMs": 16.666666666666668,
    "accumulatedTime": 0,
    "G": 0,
    "internalLoggingEnabled": false,
    "ownsEngine": true,
    "celestialBodies": [],
    "world": {
      "bodies": [
        {
          "id": 1,
          "label": "testRotationBox",
          "type": "body",
          "parts": [],
          "position": {
            "x": 79.24659216072645,
            "y": 56095.50071980605
          },
          "angle": -2.3773977648218745,
          "velocity": {
            "x": 0.04128021386472369,
            "y": 259.1363563655541
          },
          "angularVelocity": -0.0012384064159420838,
          "mass": 200,
          "inverseMass": 0.005,
          "inertia": 33333.333333333336,
          "inverseInertia": 0.000029999999999999997,
          "density": 1,
          "restitution": 0,
          "friction": 0.1,
          "frictionStatic": 0.5,
          "frictionAir": 0.01,
          "slop": 0.05,
          "isStatic": false,
          "isSensor": false,
          "isSleeping": false,
          "collisionFilter": {
            "category": 1,
            "mask": 65535,
            "group": 0
          },
          "render": {
            "visible": true,
            "opacity": 1,
            "fillStyle": "#f5d259",
            "strokeStyle": "#ccc",
            "lineWidth": 0,
            "sprite": {
              "texture": null,
              "xScale": 1,
              "yScale": 1
            }
          },
          "plugin": {
            "dragCoefficientArea": null,
            "effectiveNoseRadius": null,
            "currentHeatFlux": 0,
            "creationParams": {
              "type": "box",
              "width": 10,
              "height": 20
            }
          }
        }
      ]
    }
  },
  "400": {
    "simulationTick": 400,
    "fixedTimeStepMs": 16.666666666666668,
    "accumulatedTime": 0,
    "G": 0,
    "internalLoggingEnabled": false,
    "ownsEngine": true,
    "celestialBodies": [],
    "world": {
      "bodies": [
        {
          "id": 1,
          "label": "testRotationBox",
          "type": "body",
          "parts": [],
          "position": {
            "x": 81.83745389374894,
            "y": 82506.76105097494
          },
          "angle": -2.4551236168125805,
          "velocity": {
            "x": 0.015109893329224633,
            "y": 267.6084742325329
          },
          "angularVelocity": -0.00045329679987515803,
          "mass": 200,
          "inverseMass": 0.005,
          "inertia": 33333.333333333336,
          "inverseInertia": 0.000029999999999999997,
          "density": 1,
          "restitution": 0,
          "friction": 0.1,
          "frictionStatic": 0.5,
          "frictionAir": 0.01,
          "slop": 0.05,
          "isStatic": false,
          "isSensor": false,
          "isSleeping": false,
          "collisionFilter": {
            "category": 1,
            "mask": 65535,
            "group": 0
          },
          "render": {
            "visible": true,
            "opacity": 1,
            "fillStyle": "#f19648",
            "strokeStyle": "#ccc",
            "lineWidth": 0,
            "sprite": {
              "texture": null,
              "xScale": 1,
              "yScale": 1
            }
          },
          "plugin": {
            "dragCoefficientArea": null,
            "effectiveNoseRadius": null,
            "currentHeatFlux": 0,
            "creationParams": {
              "type": "box",
              "width": 10,
              "height": 20
            }
          }
        }
      ]
    }
  },
  "500": {
    "simulationTick": 500,
    "fixedTimeStepMs": 16.666666666666668,
    "accumulatedTime": 0,
    "G": 0,
    "internalLoggingEnabled": false,
    "ownsEngine": true,
    "celestialBodies": [],
    "world": {
      "bodies": [
        {
          "id": 1,
          "label": "testRotationBox",
          "type": "body",
          "parts": [],
          "position": {
            "x": 82.7857930798039,
            "y": 109449.75520627505
          },
          "angle": -2.4835737923941394,
          "velocity": {
            "x": 0.0055307096316994375,
            "y": 270.7095433709619
          },
          "angularVelocity": -0.00016592128894954428,
          "mass": 200,
          "inverseMass": 0.005,
          "inertia": 33333.333333333336,
          "inverseInertia": 0.000029999999999999997,
          "density": 1,
          "restitution": 0,
          "friction": 0.1,
          "frictionStatic": 0.5,
          "frictionAir": 0.01,
          "slop": 0.05,
          "isStatic": false,
          "isSensor": false,
          "isSleeping": false,
          "collisionFilter": {
            "category": 1,
            "mask": 65535,
            "group": 0
          },
          "render": {
            "visible": true,
            "opacity": 1,
            "fillStyle": "#063e7b",
            "strokeStyle": "#ccc",
            "lineWidth": 0,
            "sprite": {
              "texture": null,
              "xScale": 1,
              "yScale": 1
            }
          },
          "plugin": {
            "dragCoefficientArea": null,
            "effectiveNoseRadius": null,
            "currentHeatFlux": 0,
            "creationParams": {
              "type": "box",
              "width": 10,
              "height": 20
            }
          }
        }
      ]
    }
  },
  "1000": {
    "simulationTick": 1000,
    "fixedTimeStepMs": 16.666666666666668,
    "accumulatedTime": 0,
    "G": 0,
    "internalLoggingEnabled": false,
    "ownsEngine": true,
    "celestialBodies": [],
    "world": {
      "bodies": [
        {
          "id": 1,
          "label": "testRotationBox",
          "type": "body",
          "parts": [],
          "position": {
            "x": 83.32973572939805,
            "y": 245523.66465228575
          },
          "angle": -2.499892071881797,
          "velocity": {
            "x": 0.00003633943386205374,
            "y": 272.4882358350151
          },
          "angularVelocity": -0.000001090183015417523,
          "mass": 200,
          "inverseMass": 0.005,
          "inertia": 33333.333333333336,
          "inverseInertia": 0.000029999999999999997,
          "density": 1,
          "restitution": 0,
          "friction": 0.1,
          "frictionStatic": 0.5,
          "frictionAir": 0.01,
          "slop": 0.05,
          "isStatic": false,
          "isSensor": false,
          "isSleeping": false,
          "collisionFilter": {
            "category": 1,
            "mask": 65535,
            "group": 0
          },
          "render": {
            "visible": true,
            "opacity": 1,
            "fillStyle": "#063e7b",
            "strokeStyle": "#ccc",
            "lineWidth": 0,
            "sprite": {
              "texture": null,
              "xScale": 1,
              "yScale": 1
            }
          },
          "plugin": {
            "dragCoefficientArea": null,
            "effectiveNoseRadius": null,
            "currentHeatFlux": 0,
            "creationParams": {
              "type": "box",
              "width": 10,
              "height": 20
            }
          }
        }
      ]
    }
  }
}