{
  "1": {
    "simulationTick": 1,
    "fixedTimeStepMs": 16.666666666666668,
    "accumulatedTime": 0,
    "G": 0,
    "internalLoggingEnabled": false,
    "ownsEngine": true,
    "celestialBodies": [],
    "world": {
      "bodies": [
        {
          "id": 4,
          "label": "testRocket_thrust",
          "type": "body",
          "parts": [
            1,
            2,
            3
          ],
          "position": {
            "x": 0,
            "y": 92.63442028985507
          },
          "angle": 0,
          "velocity": {
            "x": 0,
            "y": 2.634420289855072
          },
          "angularVelocity": 0,
          "mass": 1840,
          "inverseMass": 0.0005434782608695652,
          "inertia": 1760764.4444444443,
          "inverseInertia": 5.679351392829378e-7,
          "density": 1,
          "restitution": 0,
          "friction": 0.1,
          "frictionStatic": 0.5,
          "frictionAir": 0.01,
          "slop": 0.05,
          "isStatic": false,
          "isSensor": false,
          "isSleeping": false,
          "collisionFilter": {
            "category": 2,
            "mask": 28,
            "group": 0
          },
          "render": {
            "visible": false,
            "opacity": 1,
            "fillStyle": "#f5d259",
            "strokeStyle": "#ccc",
            "lineWidth": 0,
            "sprite": {
              "texture": null,
              "xScale": 1,
              "yScale": 1
            }
          },
          "plugin": {
            "dragCoefficientArea": null,
            "effectiveNoseRadius": null,
            "currentHeatFlux": 0,
            "creationParams": {
              "type": "rocket"
            }
          }
        }
      ]
    }
  },
  "10": {
    "simulationTick": 10,
    "fixedTimeStepMs": 16.666666666666668,
    "accumulatedTime": 0,
    "G": 0,
    "internalLoggingEnabled": false,
    "ownsEngine": true,
    "celestialBodies": [],
    "world": {
      "bodies": [
        {
          "id": 4,
          "label": "testRocket_thrust",
          "type": "body",
          "parts": [
            1,
            2,
            3
          ],
          "position": {
            "x": 0,
            "y": 234.60132415698698
          },
          "angle": 0,
          "velocity": {
            "x": 0,
            "y": 25.973138432611307
          },
          "angularVelocity": 0,
          "mass": 1840,
          "inverseMass": 0.0005434782608695652,
          "inertia": 1760764.4444444443,
          "inverseInertia": 5.679351392829378e-7,
          "density": 1,
          "restitution": 0,
          "friction": 0.1,
          "frictionStatic": 0.5,
          "frictionAir": 0.01,
          "slop": 0.05,
          "isStatic": false,
          "isSensor": false,
          "isSleeping": false,
          "collisionFilter": {
            "category": 2,
            "mask": 28,
            "group": 0
          },
          "render": {
            "visible": false,
            "opacity": 1,
            "fillStyle": "#f19648",
            "strokeStyle": "#ccc",
            "lineWidth": 0,
            "sprite": {
              "texture": null,
              "xScale": 1,
              "yScale": 1
            }
          },
          "plugin": {
            "dragCoefficientArea": null,
            "effectiveNoseRadius": null,
            "currentHeatFlux": 0,
            "creationParams": {
              "type": "rocket"
            }
          }
        }
      ]
    }
  },
  "50": {
    "simulationTick": 50,
    "fixedTimeStepMs": 16.666666666666668,
    "accumulatedTime": 0,
    "G": 0,
    "internalLoggingEnabled": false,
    "ownsEngine": true,
    "celestialBodies": [],
    "world": {
      "bodies": [
        {
          "id": 4,
          "label": "testRocket_thrust",
          "type": "body",
          "parts": [
            1,
            2,
            3
          ],
          "position": {
            "x": 0,
            "y": 3055.4733326081223
          },
          "angle": 0,
          "velocity": {
            "x": 0,
            "y": 107.58049188259929
          },
          "angularVelocity": 0,
          "mass": 1840,
          "inverseMass": 0.0005434782608695652,
          "inertia": 1760764.4444444443,
          "inverseInertia": 5.679351392829378e-7,
          "density": 1,
          "restitution": 0,
          "friction": 0.1,
          "frictionStatic": 0.5,
          "frictionAir": 0.01,
          "slop": 0.05,
          "isStatic": false,
          "isSensor": false,
          "isSleeping": false,
          "collisionFilter": {
            "category": 2,
            "mask": 28,
            "group": 0
          },
          "render": {
            "visible": false,
            "opacity": 1,
            "fillStyle": "#f19648",
            "strokeStyle": "#ccc",
            "lineWidth": 0,
            "sprite": {
              "texture": null,
              "xScale": 1,
              "yScale": 1
            }
          },
          "plugin": {
            "dragCoefficientArea": null,
            "effectiveNoseRadius": null,
            "currentHeatFlux": 0,
            "creationParams": {
              "type": "rocket"
            }
          }
        }
      ]
    }
  },
  "100": {
    "simulationTick": 100,
    "fixedTimeStepMs": 16.666666666666668,
    "accumulatedTime": 0,
    "G": 0,
    "internalLoggingEnabled": false,
    "ownsEngine": true,
    "celestialBodies": [],
    "world": {
      "bodies": [
        {
          "id": 4,
          "label": "testRocket_thrust",
          "type": "body",
          "parts": [
            1,
            2,
            3
          ],
          "position": {
            "x": 0,
            "y": 10231.395026021579
          },
          "angle": 0,
          "velocity": {
            "x": 0,
            "y": 172.72269699963363
          },
          "angularVelocity": 0,
          "mass": 1840,
          "inverseMass": 0.0005434782608695652,
          "inertia": 1760764.4444444443,
          "inverseInertia": 5.679351392829378e-7,
          "density": 1,
          "restitution": 0,
          "friction": 0.1,
          "frictionStatic": 0.5,
          "frictionAir": 0.01,
          "slop": 0.05,
          "isStatic": false,
          "isSensor": false,
          "isSleeping": false,
          "collisionFilter": {
            "category": 2,
            "mask": 28,
            "group": 0
          },
          "render": {
            "visible": false,
            "opacity": 1,
            "fillStyle": "#f5d259",
            "strokeStyle": "#ccc",
            "lineWidth": 0,
            "sprite": {
              "texture": null,
              "xScale": 1,
              "yScale": 1
            }
          },
          "plugin": {
            "dragCoefficientArea": null,
            "effectiveNoseRadius": null,
            "currentHeatFlux": 0,
            "creationParams": {
              "type": "rocket"
            }
          }
        }
      ]
    }
  },
  "200": {
    "simulationTick": 200,
    "fixedTimeStepMs": 16.666666666666668,
    "accumulatedTime": 0,
    "G": 0,
    "internalLoggingEnabled": false,
    "ownsEngine": true,
    "celestialBodies": [],
    "world": {
      "bodies": [
        {
          "id": 4,
          "label": "testRocket_thrust",
          "type": "body",
          "parts": [
            1,
            2,
            3
          ],
          "position": {
            "x": 0,
            "y": 31219.092291477173
          },
          "angle": 0,
          "velocity": {
            "x": 0,
            "y": 235.9782801768415
          },
          "angularVelocity": 0,
          "mass": 1840,
          "inverseMass": 0.0005434782608695652,
          "inertia": 1760764.4444444443,
          "inverseInertia": 5.679351392829378e-7,
          "density": 1,
          "restitution": 0,
          "friction": 0.1,
          "frictionStatic": 0.5,
          "frictionAir": 0.01,
          "slop": 0.05,
          "isStatic": false,
          "isSensor": false,
          "isSleeping": false,
          "collisionFilter": {
            "category": 2,
            "mask": 28,
            "group": 0
          },
          "render": {
            "visible": false,
            "opacity": 1,
            "fillStyle": "#f55a3c",
            "strokeStyle": "#ccc",
            "lineWidth": 0,
            "sprite": {
              "texture": null,
              "xScale": 1,
              "yScale": 1
            }
          },
          "plugin": {
            "dragCoefficientArea": null,
            "effectiveNoseRadius": null,
            "currentHeatFlux": 0,
            "creationParams": {
              "type": "rocket"
            }
          }
        }
      ]
    }
  },
  "300": {
    "simulationTick": 300,
    "fixedTimeStepMs": 16.666666666666668,
    "accumulatedTime": 0,
    "G": 0,
    "internalLoggingEnabled": false,
    "ownsEngine": true,
    "celestialBodies": [],
    "world": {
      "bodies": [
        {
          "id": 4,
          "label": "testRocket_thrust",
          "type": "body",
          "parts": [
            1,
            2,
            3
          ],
          "position": {
            "x": 0,
            "y": 56176.886959789415
          },
          "angle": 0,
          "velocity": {
            "x": 0,
            "y": 259.1318693857975
          },
          "angularVelocity": 0,
          "mass": 1840,
          "inverseMass": 0.0005434782608695652,
          "inertia": 1760764.4444444443,
          "inverseInertia": 5.679351392829378e-7,
          "density": 1,
          "restitution": 0,
          "friction": 0.1,
          "frictionStatic": 0.5,
          "frictionAir": 0.01,
          "slop": 0.05,
          "isStatic": false,
          "isSensor": false,
          "isSleeping": false,
          "collisionFilter": {
            "category": 2,
            "mask": 28,
            "group": 0
          },
          "render": {
            "visible": false,
            "opacity": 1,
            "fillStyle": "#f55a3c",
            "strokeStyle": "#ccc",
            "lineWidth": 0,
            "sprite": {
              "texture": null,
              "xScale": 1,
              "yScale": 1
            }
          },
          "plugin": {
            "dragCoefficientArea": null,
            "effectiveNoseRadius": null,
            "currentHeatFlux": 0,
            "creationParams": {
              "type": "rocket"
            }
          }
        }
      ]
    }
  },
  "400": {
    "simulationTick": 400,
    "fixedTimeStepMs": 16.666666666666668,
    "accumulatedTime": 0,
    "G": 0,
    "internalLoggingEnabled": false,
    "ownsEngine": true,
    "celestialBodies": [],
    "world": {
      "bodies": [
        {
          "id": 4,
          "label": "testRocket_thrust",
          "type": "body",
          "parts": [
            1,
            2,
            3
          ],
          "position": {
            "x": 0,
            "y": 82587.86567555238
          },
          "angle": 0,
          "velocity": {
            "x": 0,
            "y": 267.606831852856
          },
          "angularVelocity": 0,
          "mass": 1840,
          "inverseMass": 0.0005434782608695652,
          "inertia": 1760764.4444444443,
          "inverseInertia": 5.679351392829378e-7,
          "density": 1,
          "restitution": 0,
          "friction": 0.1,
          "frictionStatic": 0.5,
          "frictionAir": 0.01,
          "slop": 0.05,
          "isStatic": false,
          "isSensor": false,
          "isSleeping": false,
          "collisionFilter": {
            "category": 2,
            "mask": 28,
            "group": 0
          },
          "render": {
            "visible": false,
            "opacity": 1,
            "fillStyle": "#063e7b",
            "strokeStyle": "#ccc",
            "lineWidth": 0,
            "sprite": {
              "texture": null,
              "xScale": 1,
              "yScale": 1
            }
          },
          "plugin": {
            "dragCoefficientArea": null,
            "effectiveNoseRadius": null,
            "currentHeatFlux": 0,
            "creationParams": {
              "type": "rocket"
            }
          }
        }
      ]
    }
  },
  "500": {
    "simulationTick": 500,
    "fixedTimeStepMs": 16.666666666666668,
    "accumulatedTime": 0,
    "G": 0,
    "internalLoggingEnabled": false,
    "ownsEngine": true,
    "celestialBodies": [],
    "world": {
      "bodies": [
        {
          "id": 4,
          "label": "testRocket_thrust",
          "type": "body",
          "parts": [
            1,
            2,
            3
          ],
          "position": {
            "x": 0,
            "y": 109530.75675050518
          },
          "angle": 0,
          "velocity": {
            "x": 0,
            "y": 270.7089422068384
          },
          "angularVelocity": 0,
          "mass": 1840,
          "inverseMass": 0.0005434782608695652,
          "inertia": 1760764.4444444443,
          "inverseInertia": 5.679351392829378e-7,
          "density": 1,
          "restitution": 0,
          "friction": 0.1,
          "frictionStatic": 0.5,
          "frictionAir": 0.01,
          "slop": 0.05,
          "isStatic": false,
          "isSensor": false,
          "isSleeping": false,
          "collisionFilter": {
            "category": 2,
            "mask": 28,
            "group": 0
          },
          "render": {
            "visible": false,
            "opacity": 1,
            "fillStyle": "#063e7b",
            "strokeStyle": "#ccc",
            "lineWidth": 0,
            "sprite": {
              "texture": null,
              "xScale": 1,
              "yScale": 1
            }
          },
          "plugin": {
            "dragCoefficientArea": null,
            "effectiveNoseRadius": null,
            "currentHeatFlux": 0,
            "creationParams": {
              "type": "rocket"
            }
          }
        }
      ]
    }
  },
  "1000": {
    "simulationTick": 1000,
    "fixedTimeStepMs": 16.666666666666668,
    "accumulatedTime": 0,
    "G": 0,
    "internalLoggingEnabled": false,
    "ownsEngine": true,
    "celestialBodies": [],
    "world": {
      "bodies": [
        {
          "id": 4,
          "label": "testRocket_thrust",
          "type": "body",
          "parts": [
            1,
            2,
            3
          ],
          "position": {
            "x": 0,
            "y": 245604.60707235165
          },
          "angle": 0,
          "velocity": {
            "x": 0,
            "y": 272.4882318850723
          },
          "angularVelocity": 0,
          "mass": 1840,
          "inverseMass": 0.0005434782608695652,
          "inertia": 1760764.4444444443,
          "inverseInertia": 5.679351392829378e-7,
          "density": 1,
          "restitution": 0,
          "friction": 0.1,
          "frictionStatic": 0.5,
          "frictionAir": 0.01,
          "slop": 0.05,
          "isStatic": false,
          "isSensor": false,
          "isSleeping": false,
          "collisionFilter": {
            "category": 2,
            "mask": 28,
            "group": 0
          },
          "render": {
            "visible": false,
            "opacity": 1,
            "fillStyle": "#063e7b",
            "strokeStyle": "#ccc",
            "lineWidth": 0,
            "sprite": {
              "texture": null,
              "xScale": 1,
              "yScale": 1
            }
          },
          "plugin": {
            "dragCoefficientArea": null,
            "effectiveNoseRadius": null,
            "currentHeatFlux": 0,
            "creationParams": {
              "type": "rocket"
            }
          }
        }
      ]
    }
  }
}